// Jest Snapshot v1, https://goo.gl/fbAQLP

exports[`Pruebas App Debe mostrar <App>Correctamente</App> 1`] = `
<Fragment>
  <h1>
    Hola soy Yeison !!
  </h1>
  <p>
    Soy un subtitulo
  </p>
</Fragment>
`;
