// Jest Snapshot v1, https://goo.gl/fbAQLP

exports[`Pruebas en Counter Component It should show counter componet matching with the Snapshot 1`] = `
<div>
  <h1>
    Counter App
  </h1>
  <h2>
    10
  </h2>
  <button
    onClick={[Function]}
  >
    +1
  </button>
  <button
    onClick={[Function]}
  >
    Reset
  </button>
  <button
    onClick={[Function]}
  >
    -1
  </button>
</div>
`;
